2026-06-25 11:43:35,302 - src.masks - INFO - Успешная маскировка карты: входной номер 7000792289606361 -> 7000 79** **** 6361
2026-06-25 11:43:35,305 - src.masks - INFO - Успешная маскировка карты: входной номер 1234567890123456 -> 1234 56** **** 3456
2026-06-25 11:43:35,306 - src.masks - INFO - Успешная маскировка карты: входной номер 0000000000000000 -> 0000 00** **** 0000
2026-06-25 11:43:35,307 - src.masks - INFO - Успешная маскировка карты: входной номер 7000792289606361 -> 7000 79** **** 6361
2026-06-25 11:43:35,309 - src.masks - ERROR - Ошибка маскировки карты: Номер карты должен состоять из 16 цифр. Входные данные: 1234567890
2026-06-25 11:43:35,309 - src.masks - ERROR - Ошибка маскировки карты: Номер карты должен состоять из 16 цифр. Входные данные: 12345678901234567
2026-06-25 11:43:35,310 - src.masks - ERROR - Ошибка маскировки карты: Номер карты должен состоять из 16 цифр. Входные данные: 7000abcd89606361
2026-06-25 11:43:35,311 - src.masks - INFO - Успешная маскировка счета: входной номер 73654108430135874305 -> **4305
2026-06-25 11:43:35,312 - src.masks - INFO - Успешная маскировка счета: входной номер 1234567890 -> **7890
2026-06-25 11:43:35,313 - src.masks - INFO - Успешная маскировка счета: входной номер 0000 -> **0000
2026-06-25 11:43:35,314 - src.masks - INFO - Успешная маскировка счета: входной номер 73654108430135874305 -> **4305
2026-06-25 11:43:35,315 - src.masks - ERROR - Ошибка маскировки счета: Номер счета должен содержать не менее 4 цифр. Входные данные: 123
2026-06-25 11:43:35,315 - src.masks - ERROR - Ошибка маскировки счета: Номер счета должен содержать не менее 4 цифр. Входные данные: 
2026-06-25 11:43:35,316 - src.masks - ERROR - Ошибка маскировки счета: Номер счета должен содержать не менее 4 цифр. Входные данные: 7365abcd4305
2026-06-25 11:43:35,362 - src.masks - INFO - Успешная маскировка карты: входной номер 7000792289606361 -> 7000 79** **** 6361
2026-06-25 11:43:35,363 - src.masks - INFO - Успешная маскировка карты: входной номер 1234567890123456 -> 1234 56** **** 3456
2026-06-25 11:43:35,364 - src.masks - INFO - Успешная маскировка счета: входной номер 73654108430135874305 -> **4305
2026-06-25 11:43:35,365 - src.masks - INFO - Успешная маскировка счета: входной номер 12345 -> **2345
2026-06-25 11:43:35,366 - src.masks - INFO - Успешная маскировка карты: входной номер 7000792289606361 -> 7000 79** **** 6361
2026-06-25 11:43:35,366 - src.masks - INFO - Успешная маскировка счета: входной номер 73654108430135874305 -> **4305
2026-06-25 11:43:35,368 - src.masks - INFO - Успешная маскировка карты: входной номер 1234567890123456 -> 1234 56** **** 3456
